2026-01-31 13:17:53.482; PID: 20728; Process started as MASTER
2026-01-31 13:17:53.497; PID: 20728; Initial counter: 0
2026-01-31 13:17:54.514; PID: 20728; Counter value: 3
2026-01-31 13:17:55.530; PID: 20728; Counter value: 6
2026-01-31 13:17:56.539; PID: 27124; Copy +10 started
2026-01-31 13:17:56.540; PID: 27124; Copy +10 finished
2026-01-31 13:17:56.542; PID: 26112; Copy x2 started
2026-01-31 13:17:56.546; PID: 20728; Counter value: 38
2026-01-31 13:17:57.549; PID: 20728; Counter value: 41
2026-01-31 13:17:58.552; PID: 26112; Copy x2 finished
2026-01-31 13:17:58.552; PID: 20728; Counter value: 22
2026-01-31 13:17:59.553; PID: 3992; Copy +10 started
2026-01-31 13:17:59.554; PID: 3992; Copy +10 finished
2026-01-31 13:17:59.554; PID: 19592; Copy x2 started
2026-01-31 13:17:59.565; PID: 20728; Counter value: 70
2026-01-31 13:18:00.565; PID: 20728; Counter value: 73
2026-01-31 13:18:01.565; PID: 19592; Copy x2 finished
2026-01-31 13:18:01.580; PID: 20728; Counter value: 38
2026-01-31 13:18:02.564; PID: 11452; Copy +10 started
2026-01-31 13:18:02.565; PID: 11452; Copy +10 finished
2026-01-31 13:18:02.566; PID: 7940; Copy x2 started
2026-01-31 13:18:02.581; PID: 20728; Counter value: 102
2026-01-31 13:18:03.583; PID: 20728; Counter value: 106
2026-01-31 13:18:04.582; PID: 7940; Copy x2 finished
2026-01-31 13:18:04.600; PID: 20728; Counter value: 54
2026-01-31 13:18:05.578; PID: 22956; Copy +10 started
2026-01-31 13:18:05.580; PID: 22956; Copy +10 finished
2026-01-31 13:18:05.581; PID: 6744; Copy x2 started
2026-01-31 13:18:05.616; PID: 20728; Counter value: 134
2026-01-31 13:18:06.632; PID: 20728; Counter value: 137
2026-01-31 13:18:07.597; PID: 6744; Copy x2 finished
2026-01-31 13:18:07.632; PID: 20728; Counter value: 71
2026-01-31 13:18:08.604; PID: 18500; Copy +10 started
2026-01-31 13:18:08.606; PID: 18500; Copy +10 finished
2026-01-31 13:18:08.607; PID: 18800; Copy x2 started
2026-01-31 13:18:08.632; PID: 20728; Counter value: 168
2026-01-31 13:18:09.633; PID: 20728; Counter value: 171
2026-01-31 13:18:10.616; PID: 18800; Copy x2 finished
2026-01-31 13:18:10.633; PID: 20728; Counter value: 87
2026-01-31 13:18:11.607; PID: 15092; Copy +10 started
2026-01-31 13:18:11.609; PID: 6856; Copy x2 started
2026-01-31 13:18:11.611; PID: 15092; Copy +10 finished
2026-01-31 13:18:11.641; PID: 20728; Counter value: 200
2026-01-31 13:18:12.646; PID: 20728; Counter value: 204
2026-01-31 13:18:13.615; PID: 6856; Copy x2 finished
2026-01-31 13:18:13.648; PID: 20728; Counter value: 103
2026-01-31 13:18:14.621; PID: 10260; Copy x2 started
2026-01-31 13:18:14.626; PID: 1128; Copy +10 started
2026-01-31 13:18:14.627; PID: 1128; Copy +10 finished
2026-01-31 13:18:14.651; PID: 20728; Counter value: 222
2026-01-31 13:18:15.667; PID: 20728; Counter value: 225
2026-01-31 13:18:16.632; PID: 10260; Copy x2 finished
2026-01-31 13:18:23.576; PID: 24016; Process started as MASTER
2026-01-31 13:18:23.577; PID: 24016; Initial counter: 0
2026-01-31 13:18:24.585; PID: 24016; Counter value: 3
2026-01-31 13:18:25.597; PID: 24016; Counter value: 6
2026-01-31 13:18:26.628; PID: 24016; Counter value: 9
2026-01-31 13:18:26.648; PID: 12216; Copy +10 started
2026-01-31 13:18:26.652; PID: 12216; Copy +10 finished
2026-01-31 13:18:26.656; PID: 17908; Copy x2 started
2026-01-31 13:18:27.629; PID: 24016; Counter value: 41
2026-01-31 13:18:28.632; PID: 24016; Counter value: 45
2026-01-31 13:18:28.663; PID: 17908; Copy x2 finished
2026-01-31 13:18:29.635; PID: 24016; Counter value: 25
2026-01-31 13:18:29.645; PID: 18304; Copy +10 started
2026-01-31 13:18:29.646; PID: 18304; Copy +10 finished
2026-01-31 13:18:30.646; PID: 24016; Counter value: 63
2026-01-31 13:18:31.650; PID: 13444; Copy x2 finished

2026-01-31 13:18:32.652; PID: 24016; Counter value: 36
2026-01-31 13:18:32.661; PID: 2600; Copy +10 started
2026-01-31 13:18:32.662; PID: 2600; Copy +10 finished
2026-01-31 13:18:32.663; PID: 9676; Copy x2 started
2026-01-31 13:18:33.666; PID: 24016; Counter value: 96
2026-01-31 13:18:34.667; PID: 24016; Counter value: 99
2026-01-31 13:18:34.669; PID: 9676; Copy x2 finished
2026-01-31 13:18:35.661; PID: 27388; Copy +10 started
2026-01-31 13:18:35.661; PID: 22588; Copy x2 started
2026-01-31 13:18:35.662; PID: 27388; Copy +10 finished
2026-01-31 13:18:35.669; PID: 24016; Counter value: 124
2026-01-31 13:18:36.671; PID: 24016; Counter value: 127
2026-01-31 13:18:37.663; PID: 22588; Copy x2 finished
2026-01-31 13:18:37.671; PID: 24016; Counter value: 65
2026-01-31 13:18:38.661; PID: 16712; Copy +10 started
2026-01-31 13:18:38.662; PID: 16712; Copy +10 finished
2026-01-31 13:18:38.663; PID: 27048; Copy x2 started
2026-01-31 13:18:38.673; PID: 24016; Counter value: 158
2026-01-31 13:18:39.675; PID: 24016; Counter value: 161
2026-01-31 13:18:40.669; PID: 27048; Copy x2 finished
2026-01-31 13:18:40.684; PID: 24016; Counter value: 82
2026-01-31 13:18:41.678; PID: 6264; Copy +10 started
2026-01-31 13:18:41.679; PID: 6264; Copy +10 finished
2026-01-31 13:18:41.679; PID: 15964; Copy x2 started
2026-01-31 13:18:41.692; PID: 24016; Counter value: 190
2026-01-31 13:18:42.695; PID: 24016; Counter value: 193
2026-01-31 13:18:43.709; PID: 15964; Copy x2 finished
2026-01-31 13:18:43.715; PID: 24016; Counter value: 98
2026-01-31 13:18:44.676; PID: 20428; Copy +10 started
2026-01-31 13:18:44.677; PID: 20428; Copy +10 finished
2026-01-31 13:18:44.678; PID: 24672; Copy x2 started
2026-01-31 13:18:44.719; PID: 24016; Counter value: 222
2026-01-31 13:18:45.733; PID: 24016; Counter value: 225
2026-01-31 13:18:46.681; PID: 24672; Copy x2 finished
2026-01-31 13:18:46.743; PID: 24016; Counter value: 114
2026-01-31 13:18:47.677; PID: 20460; Copy +10 started
2026-01-31 13:18:47.678; PID: 20460; Copy +10 finished
2026-01-31 13:18:47.679; PID: 23740; Copy x2 started
2026-01-31 13:18:47.745; PID: 24016; Counter value: 255
2026-01-31 13:18:48.752; PID: 24016; Counter value: 258
2026-01-31 13:18:49.687; PID: 23740; Copy x2 finished
2026-01-31 13:18:49.769; PID: 24016; Counter value: 130
2026-01-31 13:18:50.709; PID: 280; Copy +10 started
2026-01-31 13:18:50.711; PID: 280; Copy +10 finished
2026-01-31 13:18:50.712; PID: 16892; Copy x2 started
2026-01-31 13:18:50.784; PID: 24016; Counter value: 286
2026-01-31 13:18:52.715; PID: 16892; Copy x2 finished
